// Jest Snapshot v1, https://goo.gl/fbAQLP

exports[`decorator literal initial does not set initialized value when present in initial dataset 1`] = `
"<http://example.com/res> <http://schema.org/name> \\"bar\\" .
"
`;

exports[`decorator literal initial sets default value when not present in dataset 1`] = `
"<http://example.com/res> <http://schema.org/name> \\"foo\\" .
"
`;

exports[`decorator literal initial sets initial value from function 1`] = `
"<http://example.com/res> <http://schema.org/name> \\"http://example.com/res\\" .
"
`;

exports[`decorator literal initial sets initial value from node 1`] = `
"<http://example.com/res> <http://schema.org/name> \\"foo\\" .
"
`;

exports[`decorator literal setter accepts raw term 1`] = `
"<http://example.com/res> <http://schema.org/name> \\"John\\"@en-gb .
"
`;

exports[`decorator literal setter replaces boolean object value 1`] = `
"<http://example.com/res> <http://example.com/isMarried> \\"false\\"^^<http://www.w3.org/2001/XMLSchema#boolean> .
"
`;

exports[`decorator literal setter replaces string literal node value 1`] = `
"<http://example.com/res> <http://schema.org/name> \\"Jane\\"^^<http://example.com/Name> .
"
`;

exports[`decorator literal setter replaces string literal node value 2`] = `
"<http://example.com/res> <http://schema.org/name> \\"Jane\\"^^<http://example.com/Name> .
"
`;

exports[`decorator literal setter replaces string object value 1`] = `
"<http://example.com/res> <http://schema.org/name> \\"Jane\\" .
"
`;

exports[`decorator literal setter sets xsd:float literal for float number 1`] = `
"<http://example.com/res> <http://example.com/age> \\"30.4\\"^^<http://www.w3.org/2001/XMLSchema#float> .
"
`;

exports[`decorator literal setter sets xsd:integer literal for int number 1`] = `
"<http://example.com/res> <http://example.com/age> \\"30\\"^^<http://www.w3.org/2001/XMLSchema#integer> .
"
`;

exports[`decorator literal setter sets xsd:long literal for bigint 1`] = `
"<http://example.com/res> <http://example.com/age> \\"9007199254740991\\"^^<http://www.w3.org/2001/XMLSchema#long> .
"
`;

exports[`decorator literal setter unsets string object when null is set 1`] = `""`;
