// Jest Snapshot v1, https://goo.gl/fbAQLP

exports[`decorator term setter can replace literal with blank 1`] = `
"<http://example.com/res> <http://xmlns.com/foaf/0.1/name> _:c14n0 .
_:c14n0 <http://example.com/first> \\"John\\" .
_:c14n0 <http://example.com/last> \\"Doe\\" .
_:c14n0 <http://www.w3.org/1999/02/22-rdf-syntax-ns#type> <http://example.com/BlankNodeName> .
"
`;
