// Jest Snapshot v1, https://goo.gl/fbAQLP

exports[`NodeShape initializer sets an array as list deep in the initialized graph: toMatchSnapshot 1`] = `
"<http://example.com/bar> <http://www.w3.org/2000/01/rdf-schema#label> \\"Bar\\" .
<http://example.com/foo> <http://www.w3.org/2000/01/rdf-schema#label> \\"Foo\\" .
<http://example.com/shape> <http://www.w3.org/1999/02/22-rdf-syntax-ns#type> <http://www.w3.org/ns/shacl#NodeShape> .
<http://example.com/shape> <http://www.w3.org/ns/shacl#property> _:c14n4 .
_:c14n0 <http://www.w3.org/1999/02/22-rdf-syntax-ns#first> <http://example.com/bar> .
_:c14n0 <http://www.w3.org/1999/02/22-rdf-syntax-ns#rest> <http://www.w3.org/1999/02/22-rdf-syntax-ns#nil> .
_:c14n1 <http://www.w3.org/1999/02/22-rdf-syntax-ns#type> <http://www.w3.org/ns/shacl#NodeShape> .
_:c14n1 <http://www.w3.org/ns/shacl#property> _:c14n2 .
_:c14n2 <http://www.w3.org/1999/02/22-rdf-syntax-ns#type> <http://www.w3.org/ns/shacl#PropertyShape> .
_:c14n2 <http://www.w3.org/ns/shacl#in> _:c14n3 .
_:c14n3 <http://www.w3.org/1999/02/22-rdf-syntax-ns#first> <http://example.com/foo> .
_:c14n3 <http://www.w3.org/1999/02/22-rdf-syntax-ns#rest> _:c14n0 .
_:c14n4 <http://www.w3.org/1999/02/22-rdf-syntax-ns#type> <http://www.w3.org/ns/shacl#PropertyShape> .
_:c14n4 <http://www.w3.org/ns/shacl#node> _:c14n1 .
"
`;
